// Jest Snapshot v1, https://goo.gl/fbAQLP

exports[`TextField component should match snapshot 1`] = `
.c0 {
  font-size: 13px;
  line-height: 16px;
  display: block;
  color: #778CA3;
  margin-bottom: 4px;
  -webkit-transition: color 0.2s;
  transition: color 0.2s;
}

.c5 {
  font-size: 13px;
  line-height: 16px;
  color: #00234B;
  opacity: 0.5;
  margin-top: 8px;
}

.c4 {
  position: absolute;
  bottom: 0;
  width: 0;
  border-bottom: 1px solid #624DE3;
}

.c1 {
  position: relative;
}

.c2 {
  font-size: 20px;
  line-height: 24px;
  font-family: inherit;
  color: #00234B;
  outline: none;
  background: transparent;
  border: none;
  border-bottom: 1px solid #CED5DB;
  padding-bottom: 8px;
  width: 100%;
}

.c2::-webkit-input-placeholder,
.c2::-webkit-input-placeholder,
.c2:-ms-input-placeholder {
  color: #525F7F;
}

.c2::-moz-placeholder,
.c2::-webkit-input-placeholder,
.c2:-ms-input-placeholder {
  color: #525F7F;
}

.c2:-ms-input-placeholder,
.c2::-webkit-input-placeholder,
.c2:-ms-input-placeholder {
  color: #525F7F;
}

.c2::placeholder,
.c2::-webkit-input-placeholder,
.c2:-ms-input-placeholder {
  color: #525F7F;
}

.c2::-webkit-outer-spin-button,
.c2::-webkit-inner-spin-button {
  -webkit-appearance: none;
  margin: 0;
}

.c2[type=number] {
  -moz-appearance: textfield;
}

.c2:focus + .c3 {
  -webkit-animation: cvpVum 0.2s linear;
  animation: cvpVum 0.2s linear;
  -webkit-animation-fill-mode: forwards;
  animation-fill-mode: forwards;
}

<div>
  <div>
    <label
      class="c0"
      for="test"
    >
      Test
    </label>
    <div
      class="c1"
    >
      <input
        class="c2"
        id="test"
        name="test"
        placeholder="Test"
      />
      <div
        class="c3 c4"
      />
    </div>
    <div
      class="c5"
    >
      Test helper
    </div>
  </div>
</div>
`;
